2025-09-30 03:01:48 | AJAX=1 | usuario=radep | role=admin | redirect=dashboard_admin.php
2025-09-30 03:10:00 | AJAX=1 | usuario=radep | role=admin | redirect=dashboard_admin.php
2025-09-30 03:10:47 | AJAX=1 | usuario=radep | role=admin | redirect=dashboard_admin.php
2025-09-30 03:13:54 | AJAX=1 | usuario=radep | role=admin | redirect=dashboard_admin.php
2025-09-30 03:14:09 | AJAX=1 | usuario=radep | role=admin | redirect=dashboard_admin.php
2025-09-30 03:27:30 | AJAX=1 | usuario=radep | role=admin | redirect=dashboard_admin.php
2025-09-30 03:29:12 | AJAX=1 | usuario=magnetica | role=empresa | redirect=dashboard_empresa.php
2025-09-30 04:11:04 | AJAX=1 | usuario=svazquez | role=empresa | redirect=dashboard_empresa.php
2025-09-30 04:11:27 | AJAX=1 | usuario=magnetica | role=empresa | redirect=dashboard_empresa.php
2025-09-30 04:13:02 | AJAX=1 | usuario=svazquez | role=empresa | redirect=dashboard_empresa.php
2025-09-30 04:13:14 | AJAX=1 | usuario=magnetica | role=empresa | redirect=dashboard_empresa.php
2025-09-30 04:21:14 | AJAX=1 | usuario=magnetica | role=empresa | redirect=dashboard_empresa.php
2025-09-30 04:28:15 | AJAX=1 | usuario=magnetica | role=empresa | redirect=dashboard_empresa.php
2025-09-30 04:40:21 | AJAX=1 | usuario=machi | role=proveedor | redirect=dashboard_proveedor.php
2025-09-30 04:50:03 | AJAX=1 | usuario=machi | role=proveedor | redirect=dashboard_proveedor.php
2025-09-30 04:53:31 | AJAX=1 | usuario=machi | role=proveedor | redirect=dashboard_proveedor.php
2025-09-30 04:56:36 | AJAX=1 | usuario=machi | role=proveedor | redirect=dashboard_proveedor.php
2025-09-30 04:58:06 | AJAX=1 | usuario=millersorg | role=proveedor | redirect=dashboard_proveedor.php
2025-09-30 04:58:18 | AJAX=1 | usuario=machi | role=proveedor | redirect=dashboard_proveedor.php
2025-09-30 04:58:51 | AJAX=1 | usuario=machi | role=proveedor | redirect=dashboard_proveedor.php
2025-09-30 05:00:25 | AJAX=1 | usuario=magnetica | role=empresa | redirect=dashboard_empresa.php
2025-09-30 05:44:47 | AJAX=1 | usuario=magnetica | role=empresa | redirect=dashboard_empresa.php
2025-09-30 06:01:17 | AJAX=1 | usuario=machi | role=proveedor | redirect=dashboard_proveedor.php
2025-09-30 06:01:32 | AJAX=1 | usuario=magnetica | role=empresa | redirect=dashboard_empresa.php
2025-09-30 06:02:58 | AJAX=1 | usuario=machi | role=proveedor | redirect=dashboard_proveedor.php
2025-09-30 06:03:17 | AJAX=1 | usuario=magnetica | role=empresa | redirect=dashboard_empresa.php
2025-09-30 06:03:41 | AJAX=1 | usuario=machi | role=proveedor | redirect=dashboard_proveedor.php
2025-09-30 06:03:59 | AJAX=1 | usuario=magnetica | role=empresa | redirect=dashboard_empresa.php
2025-09-30 06:10:46 | AJAX=1 | usuario=svazquez | role=empresa | redirect=dashboard_empresa.php
